// Jest Snapshot v1, https://goo.gl/fbAQLP

exports[`ProgramDescription renders ProgramDescription 1`] = `
<div
  className="program-description"
>
  <div
    className="program-description__service-types"
  >
    <ul
      className="ui-service-types list-unstyled"
    >
      <li
        className="ui-service-type ui-service-type__parent"
      >
        <div
          className="ui-service-type__item"
        >
          <span
            className="ui-service-type__item-icon"
          >
            <svg
              className="ui-icon"
              height="18px"
              id=""
              style={
                Object {
                  "display": "inline-block",
                  "fill": "#712F79",
                  "verticalAlign": "middle",
                }
              }
              viewBox="0 0 17 11"
              width="18px"
            >
              <path
                d="M0,9.85416667 L0,5.5 L16.5,5.5 L16.5,9.85416667 C16.5,10.1692708 16.3878038,10.4390191 16.1634115,10.6634115 C15.9390191,10.8878038 15.6692708,11 15.3541667,11 L1.14583333,11 C0.830729167,11 0.560980903,10.8878038 0.336588542,10.6634115 C0.112196181,10.4390191 0,10.1692708 0,9.85416667 Z M4.58333333,8.25 L4.58333333,9.16666667 L7.33333333,9.16666667 L7.33333333,8.25 L4.58333333,8.25 Z M1.83333333,8.25 L1.83333333,9.16666667 L3.66666667,9.16666667 L3.66666667,8.25 L1.83333333,8.25 Z M15.3541667,0 C15.6692708,0 15.9390191,0.112196181 16.1634115,0.336588542 C16.3878038,0.560980903 16.5,0.830729167 16.5,1.14583333 L16.5,2.75 L0,2.75 L0,1.14583333 C0,0.830729167 0.112196181,0.560980903 0.336588542,0.336588542 C0.560980903,0.112196181 0.830729167,0 1.14583333,0 L15.3541667,0 Z"
              />
            </svg>
          </span>
          <span
            className="ui-service-type__item-name"
          >
            Benefits
          </span>
        </div>
        <ul
          className="ui-service-type__item-children list-unstyled"
        >
          <li
            className="ui-service-type ui-service-type__child"
          >
            <div
              className="ui-service-type__item"
            >
              <span
                className="ui-service-type__item-name"
              >
                Benefits Eligibility Screening
              </span>
            </div>
          </li>
        </ul>
      </li>
    </ul>
  </div>
  <div
    className=""
  >
    <hr
      className="ui-divider program-description__divider"
      id=""
      style={Object {}}
    />
    <div
      className="ui-contact-information mb-two"
    >
      <h4
        className="ui-contact-information__header mb-half"
      >
        Program Contact Information
      </h4>
      <div
        className="ui-contact-information__phone mb-half"
      >
        <a
          href="tel:+11234442123"
          rel="noopener noreferrer"
          tabIndex={0}
          target="_blank"
        >
          <svg
            className="ui-icon program-details__icon program-details__icon--phone mr-quarter"
            height="16px"
            id=""
            style={
              Object {
                "display": "inline-block",
                "fill": "#4571BA",
                "verticalAlign": "middle",
              }
            }
            viewBox="0 0 13 13"
            width="16px"
          >
            <path
              d="M10.9375 0.625H1.3125C0.574219 0.625 0 1.22656 0 1.9375V11.5625C0 12.3008 0.574219 12.875 1.3125 12.875H10.9375C11.6484 12.875 12.25 12.3008 12.25 11.5625V1.9375C12.25 1.22656 11.6484 0.625 10.9375 0.625ZM2.57031 11.125C2.35156 11.125 2.1875 11.0156 2.16016 10.8242L1.75 9.04688C1.75 9.01953 1.75 8.96484 1.75 8.9375C1.75 8.80078 1.85938 8.63672 1.99609 8.58203L3.91016 7.76172C3.9375 7.73438 4.01953 7.73438 4.04688 7.73438C4.15625 7.73438 4.32031 7.78906 4.375 7.87109L5.22266 8.91016C6.5625 8.28125 7.62891 7.1875 8.25781 5.875L7.21875 5.02734C7.13672 4.97266 7.08203 4.80859 7.08203 4.72656C7.08203 4.67188 7.08203 4.58984 7.10938 4.5625L7.92969 2.64844C7.98438 2.51172 8.14844 2.40234 8.28516 2.40234C8.3125 2.40234 8.36719 2.40234 8.39453 2.40234L10.1719 2.8125C10.3359 2.83984 10.5 3.03125 10.5 3.19531C10.5 7.59766 6.94531 11.125 2.57031 11.125Z"
            />
          </svg>
          <span
            className="ui-provider-card__icon-text--phone ml-half normal-case"
          >
            Phone: (123) 444-2123
          </span>
        </a>
      </div>
      <div
        className="ui-contact-information__email mb-half"
      >
        <svg
          className="ui-icon ui-contact-information__icon--email mr-half"
          height="16px"
          id=""
          style={
            Object {
              "display": "inline-block",
              "fill": "#4571BA",
              "verticalAlign": "middle",
            }
          }
          viewBox="0 0 32 32"
          width="16px"
        >
          <path
            d="M32 12.679v14.179q0 1.179-0.839 2.018t-2.018 0.839h-26.286q-1.179 0-2.018-0.839t-0.839-2.018v-14.179q0.786 0.875 1.804 1.554 6.464 4.393 8.875 6.161 1.018 0.75 1.652 1.17t1.688 0.857 1.964 0.438h0.036q0.911 0 1.964-0.438t1.688-0.857 1.652-1.17q3.036-2.196 8.893-6.161 1.018-0.696 1.786-1.554zM32 7.429q0 1.411-0.875 2.696t-2.179 2.196q-6.714 4.661-8.357 5.804-0.179 0.125-0.759 0.545t-0.964 0.679-0.929 0.58-1.027 0.482-0.893 0.161h-0.036q-0.411 0-0.893-0.161t-1.027-0.482-0.929-0.58-0.964-0.679-0.759-0.545q-1.625-1.143-4.679-3.259t-3.661-2.545q-1.107-0.75-2.089-2.063t-0.982-2.438q0-1.393 0.741-2.321t2.116-0.929h26.286q1.161 0 2.009 0.839t0.848 2.018z"
          />
        </svg>
        <span
          className="ui-email-address ui-contact-information__icon-text pl-quarter"
        >
          <a
            href="mailto:bobby@gmail.com"
            title="bobby@gmail.com"
          >
            bobby@gmail.com
          </a>
        </span>
      </div>
      <div
        className="ui-contact-information__email mb-half"
      >
        <svg
          className="ui-icon ui-contact-information__icon--email mr-half"
          height="16px"
          id=""
          style={
            Object {
              "display": "inline-block",
              "fill": "#4571BA",
              "verticalAlign": "middle",
            }
          }
          viewBox="0 0 32 32"
          width="16px"
        >
          <path
            d="M32 12.679v14.179q0 1.179-0.839 2.018t-2.018 0.839h-26.286q-1.179 0-2.018-0.839t-0.839-2.018v-14.179q0.786 0.875 1.804 1.554 6.464 4.393 8.875 6.161 1.018 0.75 1.652 1.17t1.688 0.857 1.964 0.438h0.036q0.911 0 1.964-0.438t1.688-0.857 1.652-1.17q3.036-2.196 8.893-6.161 1.018-0.696 1.786-1.554zM32 7.429q0 1.411-0.875 2.696t-2.179 2.196q-6.714 4.661-8.357 5.804-0.179 0.125-0.759 0.545t-0.964 0.679-0.929 0.58-1.027 0.482-0.893 0.161h-0.036q-0.411 0-0.893-0.161t-1.027-0.482-0.929-0.58-0.964-0.679-0.759-0.545q-1.625-1.143-4.679-3.259t-3.661-2.545q-1.107-0.75-2.089-2.063t-0.982-2.438q0-1.393 0.741-2.321t2.116-0.929h26.286q1.161 0 2.009 0.839t0.848 2.018z"
          />
        </svg>
        <span
          className="ui-email-address ui-contact-information__icon-text pl-quarter"
        >
          <a
            href="mailto:larry@gmail.com"
            title="larry@gmail.com"
          >
            larry@gmail.com
          </a>
        </span>
      </div>
      <div
        className="ui-contact-information__website mb-half"
      >
        <svg
          className="ui-icon ui-contact-information__icon mr-half"
          height="16px"
          id=""
          style={
            Object {
              "display": "inline-block",
              "fill": "#4571BA",
              "verticalAlign": "middle",
            }
          }
          viewBox="0 2 28 28"
          width="16px"
        >
          <path
            d="M13.714 2.286q3.732 0 6.884 1.839t4.991 4.991 1.839 6.884-1.839 6.884-4.991 4.991-6.884 1.839-6.884-1.839-4.991-4.991-1.839-6.884 1.839-6.884 4.991-4.991 6.884-1.839zM18.607 11.589q-0.036 0.018-0.17 0.17t-0.241 0.17q0.036 0 0.080-0.089t0.089-0.196 0.063-0.125q0.107-0.125 0.393-0.268 0.25-0.107 0.929-0.214 0.607-0.143 0.911 0.196-0.036-0.036 0.17-0.232t0.259-0.214q0.054-0.036 0.268-0.080t0.268-0.134l0.036-0.393q-0.214 0.018-0.313-0.125t-0.116-0.375q0 0.036-0.107 0.143 0-0.125-0.080-0.143t-0.205 0.018-0.161 0.018q-0.179-0.054-0.268-0.134t-0.143-0.295-0.071-0.268q-0.036-0.089-0.17-0.188t-0.17-0.188q-0.018-0.036-0.045-0.098t-0.054-0.116-0.071-0.098-0.098-0.045-0.125 0.089-0.134 0.179-0.080 0.089q-0.054-0.036-0.107-0.027t-0.080 0.018-0.080 0.054-0.089 0.063q-0.054 0.036-0.152 0.054t-0.152 0.036q0.268-0.089-0.018-0.196-0.179-0.071-0.286-0.054 0.161-0.071 0.134-0.214t-0.152-0.25h0.089q-0.018-0.071-0.152-0.152t-0.313-0.152-0.232-0.107q-0.143-0.089-0.607-0.17t-0.589-0.009q-0.089 0.107-0.080 0.188t0.071 0.25 0.063 0.223q0.018 0.107-0.098 0.232t-0.116 0.214q0 0.125 0.25 0.277t0.179 0.384q-0.054 0.143-0.286 0.286t-0.286 0.214q-0.089 0.143-0.027 0.33t0.188 0.295q0.036 0.036 0.027 0.071t-0.063 0.080-0.098 0.071-0.116 0.063l-0.054 0.036q-0.196 0.089-0.366-0.107t-0.241-0.464q-0.125-0.446-0.286-0.536-0.411-0.143-0.518 0.018-0.089-0.232-0.732-0.464-0.446-0.161-1.036-0.071 0.107-0.018 0-0.268-0.125-0.268-0.339-0.214 0.054-0.107 0.071-0.313t0.018-0.241q0.054-0.232 0.214-0.411 0.018-0.018 0.125-0.152t0.17-0.241 0.009-0.107q0.625 0.071 0.893-0.196 0.089-0.089 0.205-0.304t0.188-0.304q0.161-0.107 0.25-0.098t0.259 0.098 0.259 0.089q0.25 0.018 0.277-0.196t-0.134-0.357q0.214 0.018 0.054-0.304-0.089-0.125-0.143-0.161-0.214-0.071-0.482 0.089-0.143 0.071 0.036 0.143-0.018-0.018-0.17 0.188t-0.295 0.313-0.286-0.089q-0.018-0.018-0.098-0.241t-0.17-0.241q-0.143 0-0.286 0.268 0.054-0.143-0.196-0.268t-0.429-0.143q0.339-0.214-0.143-0.482-0.125-0.071-0.366-0.089t-0.348 0.071q-0.089 0.125-0.098 0.205t0.089 0.143 0.188 0.098 0.205 0.071 0.152 0.054q0.25 0.179 0.143 0.25-0.036 0.018-0.152 0.063t-0.205 0.080-0.107 0.071q-0.054 0.071 0 0.25t-0.036 0.25q-0.089-0.089-0.161-0.313t-0.125-0.295q0.125 0.161-0.446 0.107l-0.179-0.018q-0.071 0-0.286 0.036t-0.366 0.018-0.241-0.143q-0.071-0.143 0-0.357 0.018-0.071 0.071-0.036-0.071-0.054-0.196-0.17t-0.179-0.152q-0.821 0.268-1.679 0.732 0.107 0.018 0.214-0.018 0.089-0.036 0.232-0.116t0.179-0.098q0.607-0.25 0.75-0.125l0.089-0.089q0.25 0.286 0.357 0.446-0.125-0.071-0.536-0.018-0.357 0.107-0.393 0.214 0.125 0.214 0.089 0.321-0.071-0.054-0.205-0.179t-0.259-0.196-0.268-0.089q-0.286 0-0.393 0.018-2.607 1.429-4.196 3.964 0.125 0.125 0.214 0.143 0.071 0.018 0.089 0.161t0.045 0.196 0.205-0.054q0.161 0.143 0.054 0.339 0.018-0.018 0.786 0.482 0.339 0.304 0.375 0.375 0.054 0.196-0.179 0.321-0.018-0.036-0.161-0.161t-0.161-0.071q-0.054 0.089 0.009 0.33t0.188 0.223q-0.125 0-0.17 0.286t-0.045 0.634-0.018 0.42l0.036 0.018q-0.054 0.214 0.098 0.616t0.384 0.348q-0.232 0.054 0.357 0.768 0.107 0.143 0.143 0.161 0.054 0.036 0.214 0.134t0.268 0.179 0.179 0.188q0.071 0.089 0.179 0.402t0.25 0.42q-0.036 0.107 0.17 0.357t0.188 0.411q-0.018 0-0.045 0.018t-0.045 0.018q0.054 0.125 0.277 0.25t0.277 0.232q0.018 0.054 0.036 0.179t0.054 0.196 0.143 0.036q0.036-0.357-0.429-1.107-0.268-0.446-0.304-0.518-0.054-0.089-0.098-0.277t-0.080-0.259q0.036 0 0.107 0.027t0.152 0.063 0.134 0.071 0.036 0.054q-0.054 0.125 0.036 0.313t0.214 0.33 0.304 0.339 0.214 0.232q0.107 0.107 0.25 0.348t0 0.241q0.161 0 0.357 0.179t0.304 0.357q0.089 0.143 0.143 0.464t0.089 0.429q0.036 0.125 0.152 0.241t0.223 0.17l0.286 0.143t0.232 0.125q0.089 0.036 0.33 0.188t0.384 0.205q0.179 0.071 0.286 0.071t0.259-0.045 0.241-0.063q0.268-0.036 0.518 0.268t0.375 0.375q0.643 0.339 0.982 0.196-0.036 0.018 0.009 0.134t0.143 0.277 0.161 0.259 0.098 0.152q0.089 0.107 0.321 0.268t0.321 0.268q0.107-0.071 0.125-0.161-0.054 0.143 0.125 0.357t0.321 0.179q0.25-0.054 0.25-0.571-0.554 0.268-0.875-0.321 0-0.018-0.045-0.098t-0.071-0.152-0.045-0.152 0-0.134 0.089-0.054q0.161 0 0.179-0.063t-0.036-0.223-0.071-0.232q-0.018-0.143-0.196-0.357t-0.214-0.268q-0.089 0.161-0.286 0.143t-0.286-0.161q0 0.018-0.027 0.098t-0.027 0.116q-0.232 0-0.268-0.018 0.018-0.054 0.045-0.313t0.063-0.402q0.018-0.071 0.098-0.214t0.134-0.259 0.071-0.223-0.080-0.17-0.313-0.045q-0.339 0.018-0.464 0.357-0.018 0.054-0.054 0.188t-0.089 0.205-0.161 0.125q-0.125 0.054-0.429 0.036t-0.429-0.089q-0.232-0.143-0.402-0.518t-0.17-0.661q0-0.179 0.045-0.473t0.054-0.446-0.098-0.438q0.054-0.036 0.161-0.17t0.179-0.188q0.036-0.018 0.080-0.027t0.080 0 0.071-0.027 0.054-0.107q-0.018-0.018-0.071-0.054-0.054-0.054-0.071-0.054 0.125 0.054 0.509-0.027t0.491 0.027q0.268 0.196 0.393-0.036 0-0.018-0.045-0.17t-0.009-0.241q0.089 0.482 0.518 0.161 0.054 0.054 0.277 0.089t0.313 0.089q0.054 0.036 0.125 0.098t0.098 0.080 0.089-0.009 0.152-0.116q0.179 0.25 0.214 0.429 0.196 0.714 0.339 0.786 0.125 0.054 0.196 0.036t0.080-0.17 0-0.25-0.027-0.223l-0.018-0.143v-0.321l-0.018-0.143q-0.268-0.054-0.33-0.214t0.027-0.33 0.268-0.33q0.018-0.018 0.143-0.063t0.277-0.116 0.223-0.143q0.375-0.339 0.268-0.625 0.125 0 0.196-0.161-0.018 0-0.089-0.054t-0.134-0.089-0.080-0.036q0.161-0.089 0.036-0.286 0.089-0.054 0.134-0.196t0.134-0.179q0.161 0.214 0.375 0.036 0.125-0.143 0.018-0.286 0.089-0.125 0.366-0.188t0.33-0.17q0.125 0.036 0.143-0.036t0.018-0.214 0.054-0.214q0.071-0.089 0.268-0.161t0.232-0.089l0.304-0.196q0.054-0.071 0-0.071 0.321 0.036 0.554-0.196 0.179-0.196-0.107-0.357 0.054-0.107-0.054-0.17t-0.268-0.098q0.054-0.018 0.205-0.009t0.188-0.027q0.268-0.179-0.125-0.286-0.304-0.089-0.768 0.214zM15.696 27.25q3.679-0.643 6.268-3.375-0.054-0.054-0.223-0.080t-0.223-0.063q-0.321-0.125-0.429-0.143 0.018-0.125-0.045-0.232t-0.143-0.161-0.223-0.143-0.196-0.125q-0.036-0.036-0.125-0.107t-0.125-0.098-0.134-0.080-0.152-0.036-0.179 0.018l-0.054 0.018q-0.054 0.018-0.098 0.045t-0.098 0.054-0.071 0.054 0 0.045q-0.375-0.304-0.643-0.393-0.089-0.018-0.196-0.098t-0.188-0.125-0.179-0.027-0.205 0.125q-0.089 0.089-0.107 0.268t-0.036 0.232q-0.125-0.089 0-0.313t0.036-0.33q-0.054-0.107-0.188-0.080t-0.214 0.080-0.205 0.152-0.161 0.116-0.152 0.098-0.152 0.134q-0.054 0.071-0.107 0.214t-0.089 0.196q-0.036-0.071-0.205-0.116t-0.17-0.098q0.036 0.179 0.071 0.625t0.089 0.679q0.125 0.554-0.214 0.857-0.482 0.446-0.518 0.714-0.071 0.393 0.214 0.464 0 0.125-0.143 0.366t-0.125 0.384q0 0.107 0.036 0.286z"
          />
        </svg>
        <a
          className="ui-contact-information__icon-text--website pl-quarter"
          href="#"
          id="website-link"
          onClick={[Function]}
          rel="noreferrer noopener"
          target="_blank"
          title="Organization Website"
        >
          http://testingtesting.com
        </a>
      </div>
    </div>
    <h4
      className="mb-half"
    >
      Description
    </h4>
    <div
      className="ui-form-field ui-draft-editor-field"
    >
      <label
        className="ui-form-field__label sr-only top-0"
        htmlFor="program-description-text"
        style={Object {}}
      >
        Description
      </label>
      <div
        className="html-parsed-text"
      >
        <div>
          Hello World
        </div>
      </div>
    </div>
  </div>
</div>
`;

exports[`ProgramDescription renders ProgramDescription description undefined/null 1`] = `
<div
  className="program-description"
>
  <div
    className="program-description__service-types"
  >
    <ul
      className="ui-service-types list-unstyled"
    >
      <li
        className="ui-service-type ui-service-type__parent"
      >
        <div
          className="ui-service-type__item"
        >
          <span
            className="ui-service-type__item-icon"
          >
            <svg
              className="ui-icon"
              height="18px"
              id=""
              style={
                Object {
                  "display": "inline-block",
                  "fill": "#712F79",
                  "verticalAlign": "middle",
                }
              }
              viewBox="0 0 17 11"
              width="18px"
            >
              <path
                d="M0,9.85416667 L0,5.5 L16.5,5.5 L16.5,9.85416667 C16.5,10.1692708 16.3878038,10.4390191 16.1634115,10.6634115 C15.9390191,10.8878038 15.6692708,11 15.3541667,11 L1.14583333,11 C0.830729167,11 0.560980903,10.8878038 0.336588542,10.6634115 C0.112196181,10.4390191 0,10.1692708 0,9.85416667 Z M4.58333333,8.25 L4.58333333,9.16666667 L7.33333333,9.16666667 L7.33333333,8.25 L4.58333333,8.25 Z M1.83333333,8.25 L1.83333333,9.16666667 L3.66666667,9.16666667 L3.66666667,8.25 L1.83333333,8.25 Z M15.3541667,0 C15.6692708,0 15.9390191,0.112196181 16.1634115,0.336588542 C16.3878038,0.560980903 16.5,0.830729167 16.5,1.14583333 L16.5,2.75 L0,2.75 L0,1.14583333 C0,0.830729167 0.112196181,0.560980903 0.336588542,0.336588542 C0.560980903,0.112196181 0.830729167,0 1.14583333,0 L15.3541667,0 Z"
              />
            </svg>
          </span>
          <span
            className="ui-service-type__item-name"
          >
            Benefits
          </span>
        </div>
        <ul
          className="ui-service-type__item-children list-unstyled"
        >
          <li
            className="ui-service-type ui-service-type__child"
          >
            <div
              className="ui-service-type__item"
            >
              <span
                className="ui-service-type__item-name"
              >
                Benefits Eligibility Screening
              </span>
            </div>
          </li>
        </ul>
      </li>
    </ul>
  </div>
  <div
    className=""
  >
    <hr
      className="ui-divider program-description__divider"
      id=""
      style={Object {}}
    />
    <div
      className="ui-contact-information mb-two"
    >
      <h4
        className="ui-contact-information__header mb-half"
      >
        Program Contact Information
      </h4>
      <div
        className="ui-contact-information__phone mb-half"
      >
        <a
          href="tel:+11234442123"
          rel="noopener noreferrer"
          tabIndex={0}
          target="_blank"
        >
          <svg
            className="ui-icon program-details__icon program-details__icon--phone mr-quarter"
            height="16px"
            id=""
            style={
              Object {
                "display": "inline-block",
                "fill": "#4571BA",
                "verticalAlign": "middle",
              }
            }
            viewBox="0 0 13 13"
            width="16px"
          >
            <path
              d="M10.9375 0.625H1.3125C0.574219 0.625 0 1.22656 0 1.9375V11.5625C0 12.3008 0.574219 12.875 1.3125 12.875H10.9375C11.6484 12.875 12.25 12.3008 12.25 11.5625V1.9375C12.25 1.22656 11.6484 0.625 10.9375 0.625ZM2.57031 11.125C2.35156 11.125 2.1875 11.0156 2.16016 10.8242L1.75 9.04688C1.75 9.01953 1.75 8.96484 1.75 8.9375C1.75 8.80078 1.85938 8.63672 1.99609 8.58203L3.91016 7.76172C3.9375 7.73438 4.01953 7.73438 4.04688 7.73438C4.15625 7.73438 4.32031 7.78906 4.375 7.87109L5.22266 8.91016C6.5625 8.28125 7.62891 7.1875 8.25781 5.875L7.21875 5.02734C7.13672 4.97266 7.08203 4.80859 7.08203 4.72656C7.08203 4.67188 7.08203 4.58984 7.10938 4.5625L7.92969 2.64844C7.98438 2.51172 8.14844 2.40234 8.28516 2.40234C8.3125 2.40234 8.36719 2.40234 8.39453 2.40234L10.1719 2.8125C10.3359 2.83984 10.5 3.03125 10.5 3.19531C10.5 7.59766 6.94531 11.125 2.57031 11.125Z"
            />
          </svg>
          <span
            className="ui-provider-card__icon-text--phone ml-half normal-case"
          >
            Phone: (123) 444-2123
          </span>
        </a>
      </div>
      <div
        className="ui-contact-information__email mb-half"
      >
        <svg
          className="ui-icon ui-contact-information__icon--email mr-half"
          height="16px"
          id=""
          style={
            Object {
              "display": "inline-block",
              "fill": "#4571BA",
              "verticalAlign": "middle",
            }
          }
          viewBox="0 0 32 32"
          width="16px"
        >
          <path
            d="M32 12.679v14.179q0 1.179-0.839 2.018t-2.018 0.839h-26.286q-1.179 0-2.018-0.839t-0.839-2.018v-14.179q0.786 0.875 1.804 1.554 6.464 4.393 8.875 6.161 1.018 0.75 1.652 1.17t1.688 0.857 1.964 0.438h0.036q0.911 0 1.964-0.438t1.688-0.857 1.652-1.17q3.036-2.196 8.893-6.161 1.018-0.696 1.786-1.554zM32 7.429q0 1.411-0.875 2.696t-2.179 2.196q-6.714 4.661-8.357 5.804-0.179 0.125-0.759 0.545t-0.964 0.679-0.929 0.58-1.027 0.482-0.893 0.161h-0.036q-0.411 0-0.893-0.161t-1.027-0.482-0.929-0.58-0.964-0.679-0.759-0.545q-1.625-1.143-4.679-3.259t-3.661-2.545q-1.107-0.75-2.089-2.063t-0.982-2.438q0-1.393 0.741-2.321t2.116-0.929h26.286q1.161 0 2.009 0.839t0.848 2.018z"
          />
        </svg>
        <span
          className="ui-email-address ui-contact-information__icon-text pl-quarter"
        >
          <a
            href="mailto:bobby@gmail.com"
            title="bobby@gmail.com"
          >
            bobby@gmail.com
          </a>
        </span>
      </div>
      <div
        className="ui-contact-information__email mb-half"
      >
        <svg
          className="ui-icon ui-contact-information__icon--email mr-half"
          height="16px"
          id=""
          style={
            Object {
              "display": "inline-block",
              "fill": "#4571BA",
              "verticalAlign": "middle",
            }
          }
          viewBox="0 0 32 32"
          width="16px"
        >
          <path
            d="M32 12.679v14.179q0 1.179-0.839 2.018t-2.018 0.839h-26.286q-1.179 0-2.018-0.839t-0.839-2.018v-14.179q0.786 0.875 1.804 1.554 6.464 4.393 8.875 6.161 1.018 0.75 1.652 1.17t1.688 0.857 1.964 0.438h0.036q0.911 0 1.964-0.438t1.688-0.857 1.652-1.17q3.036-2.196 8.893-6.161 1.018-0.696 1.786-1.554zM32 7.429q0 1.411-0.875 2.696t-2.179 2.196q-6.714 4.661-8.357 5.804-0.179 0.125-0.759 0.545t-0.964 0.679-0.929 0.58-1.027 0.482-0.893 0.161h-0.036q-0.411 0-0.893-0.161t-1.027-0.482-0.929-0.58-0.964-0.679-0.759-0.545q-1.625-1.143-4.679-3.259t-3.661-2.545q-1.107-0.75-2.089-2.063t-0.982-2.438q0-1.393 0.741-2.321t2.116-0.929h26.286q1.161 0 2.009 0.839t0.848 2.018z"
          />
        </svg>
        <span
          className="ui-email-address ui-contact-information__icon-text pl-quarter"
        >
          <a
            href="mailto:larry@gmail.com"
            title="larry@gmail.com"
          >
            larry@gmail.com
          </a>
        </span>
      </div>
      <div
        className="ui-contact-information__website mb-half"
      >
        <svg
          className="ui-icon ui-contact-information__icon mr-half"
          height="16px"
          id=""
          style={
            Object {
              "display": "inline-block",
              "fill": "#4571BA",
              "verticalAlign": "middle",
            }
          }
          viewBox="0 2 28 28"
          width="16px"
        >
          <path
            d="M13.714 2.286q3.732 0 6.884 1.839t4.991 4.991 1.839 6.884-1.839 6.884-4.991 4.991-6.884 1.839-6.884-1.839-4.991-4.991-1.839-6.884 1.839-6.884 4.991-4.991 6.884-1.839zM18.607 11.589q-0.036 0.018-0.17 0.17t-0.241 0.17q0.036 0 0.080-0.089t0.089-0.196 0.063-0.125q0.107-0.125 0.393-0.268 0.25-0.107 0.929-0.214 0.607-0.143 0.911 0.196-0.036-0.036 0.17-0.232t0.259-0.214q0.054-0.036 0.268-0.080t0.268-0.134l0.036-0.393q-0.214 0.018-0.313-0.125t-0.116-0.375q0 0.036-0.107 0.143 0-0.125-0.080-0.143t-0.205 0.018-0.161 0.018q-0.179-0.054-0.268-0.134t-0.143-0.295-0.071-0.268q-0.036-0.089-0.17-0.188t-0.17-0.188q-0.018-0.036-0.045-0.098t-0.054-0.116-0.071-0.098-0.098-0.045-0.125 0.089-0.134 0.179-0.080 0.089q-0.054-0.036-0.107-0.027t-0.080 0.018-0.080 0.054-0.089 0.063q-0.054 0.036-0.152 0.054t-0.152 0.036q0.268-0.089-0.018-0.196-0.179-0.071-0.286-0.054 0.161-0.071 0.134-0.214t-0.152-0.25h0.089q-0.018-0.071-0.152-0.152t-0.313-0.152-0.232-0.107q-0.143-0.089-0.607-0.17t-0.589-0.009q-0.089 0.107-0.080 0.188t0.071 0.25 0.063 0.223q0.018 0.107-0.098 0.232t-0.116 0.214q0 0.125 0.25 0.277t0.179 0.384q-0.054 0.143-0.286 0.286t-0.286 0.214q-0.089 0.143-0.027 0.33t0.188 0.295q0.036 0.036 0.027 0.071t-0.063 0.080-0.098 0.071-0.116 0.063l-0.054 0.036q-0.196 0.089-0.366-0.107t-0.241-0.464q-0.125-0.446-0.286-0.536-0.411-0.143-0.518 0.018-0.089-0.232-0.732-0.464-0.446-0.161-1.036-0.071 0.107-0.018 0-0.268-0.125-0.268-0.339-0.214 0.054-0.107 0.071-0.313t0.018-0.241q0.054-0.232 0.214-0.411 0.018-0.018 0.125-0.152t0.17-0.241 0.009-0.107q0.625 0.071 0.893-0.196 0.089-0.089 0.205-0.304t0.188-0.304q0.161-0.107 0.25-0.098t0.259 0.098 0.259 0.089q0.25 0.018 0.277-0.196t-0.134-0.357q0.214 0.018 0.054-0.304-0.089-0.125-0.143-0.161-0.214-0.071-0.482 0.089-0.143 0.071 0.036 0.143-0.018-0.018-0.17 0.188t-0.295 0.313-0.286-0.089q-0.018-0.018-0.098-0.241t-0.17-0.241q-0.143 0-0.286 0.268 0.054-0.143-0.196-0.268t-0.429-0.143q0.339-0.214-0.143-0.482-0.125-0.071-0.366-0.089t-0.348 0.071q-0.089 0.125-0.098 0.205t0.089 0.143 0.188 0.098 0.205 0.071 0.152 0.054q0.25 0.179 0.143 0.25-0.036 0.018-0.152 0.063t-0.205 0.080-0.107 0.071q-0.054 0.071 0 0.25t-0.036 0.25q-0.089-0.089-0.161-0.313t-0.125-0.295q0.125 0.161-0.446 0.107l-0.179-0.018q-0.071 0-0.286 0.036t-0.366 0.018-0.241-0.143q-0.071-0.143 0-0.357 0.018-0.071 0.071-0.036-0.071-0.054-0.196-0.17t-0.179-0.152q-0.821 0.268-1.679 0.732 0.107 0.018 0.214-0.018 0.089-0.036 0.232-0.116t0.179-0.098q0.607-0.25 0.75-0.125l0.089-0.089q0.25 0.286 0.357 0.446-0.125-0.071-0.536-0.018-0.357 0.107-0.393 0.214 0.125 0.214 0.089 0.321-0.071-0.054-0.205-0.179t-0.259-0.196-0.268-0.089q-0.286 0-0.393 0.018-2.607 1.429-4.196 3.964 0.125 0.125 0.214 0.143 0.071 0.018 0.089 0.161t0.045 0.196 0.205-0.054q0.161 0.143 0.054 0.339 0.018-0.018 0.786 0.482 0.339 0.304 0.375 0.375 0.054 0.196-0.179 0.321-0.018-0.036-0.161-0.161t-0.161-0.071q-0.054 0.089 0.009 0.33t0.188 0.223q-0.125 0-0.17 0.286t-0.045 0.634-0.018 0.42l0.036 0.018q-0.054 0.214 0.098 0.616t0.384 0.348q-0.232 0.054 0.357 0.768 0.107 0.143 0.143 0.161 0.054 0.036 0.214 0.134t0.268 0.179 0.179 0.188q0.071 0.089 0.179 0.402t0.25 0.42q-0.036 0.107 0.17 0.357t0.188 0.411q-0.018 0-0.045 0.018t-0.045 0.018q0.054 0.125 0.277 0.25t0.277 0.232q0.018 0.054 0.036 0.179t0.054 0.196 0.143 0.036q0.036-0.357-0.429-1.107-0.268-0.446-0.304-0.518-0.054-0.089-0.098-0.277t-0.080-0.259q0.036 0 0.107 0.027t0.152 0.063 0.134 0.071 0.036 0.054q-0.054 0.125 0.036 0.313t0.214 0.33 0.304 0.339 0.214 0.232q0.107 0.107 0.25 0.348t0 0.241q0.161 0 0.357 0.179t0.304 0.357q0.089 0.143 0.143 0.464t0.089 0.429q0.036 0.125 0.152 0.241t0.223 0.17l0.286 0.143t0.232 0.125q0.089 0.036 0.33 0.188t0.384 0.205q0.179 0.071 0.286 0.071t0.259-0.045 0.241-0.063q0.268-0.036 0.518 0.268t0.375 0.375q0.643 0.339 0.982 0.196-0.036 0.018 0.009 0.134t0.143 0.277 0.161 0.259 0.098 0.152q0.089 0.107 0.321 0.268t0.321 0.268q0.107-0.071 0.125-0.161-0.054 0.143 0.125 0.357t0.321 0.179q0.25-0.054 0.25-0.571-0.554 0.268-0.875-0.321 0-0.018-0.045-0.098t-0.071-0.152-0.045-0.152 0-0.134 0.089-0.054q0.161 0 0.179-0.063t-0.036-0.223-0.071-0.232q-0.018-0.143-0.196-0.357t-0.214-0.268q-0.089 0.161-0.286 0.143t-0.286-0.161q0 0.018-0.027 0.098t-0.027 0.116q-0.232 0-0.268-0.018 0.018-0.054 0.045-0.313t0.063-0.402q0.018-0.071 0.098-0.214t0.134-0.259 0.071-0.223-0.080-0.17-0.313-0.045q-0.339 0.018-0.464 0.357-0.018 0.054-0.054 0.188t-0.089 0.205-0.161 0.125q-0.125 0.054-0.429 0.036t-0.429-0.089q-0.232-0.143-0.402-0.518t-0.17-0.661q0-0.179 0.045-0.473t0.054-0.446-0.098-0.438q0.054-0.036 0.161-0.17t0.179-0.188q0.036-0.018 0.080-0.027t0.080 0 0.071-0.027 0.054-0.107q-0.018-0.018-0.071-0.054-0.054-0.054-0.071-0.054 0.125 0.054 0.509-0.027t0.491 0.027q0.268 0.196 0.393-0.036 0-0.018-0.045-0.17t-0.009-0.241q0.089 0.482 0.518 0.161 0.054 0.054 0.277 0.089t0.313 0.089q0.054 0.036 0.125 0.098t0.098 0.080 0.089-0.009 0.152-0.116q0.179 0.25 0.214 0.429 0.196 0.714 0.339 0.786 0.125 0.054 0.196 0.036t0.080-0.17 0-0.25-0.027-0.223l-0.018-0.143v-0.321l-0.018-0.143q-0.268-0.054-0.33-0.214t0.027-0.33 0.268-0.33q0.018-0.018 0.143-0.063t0.277-0.116 0.223-0.143q0.375-0.339 0.268-0.625 0.125 0 0.196-0.161-0.018 0-0.089-0.054t-0.134-0.089-0.080-0.036q0.161-0.089 0.036-0.286 0.089-0.054 0.134-0.196t0.134-0.179q0.161 0.214 0.375 0.036 0.125-0.143 0.018-0.286 0.089-0.125 0.366-0.188t0.33-0.17q0.125 0.036 0.143-0.036t0.018-0.214 0.054-0.214q0.071-0.089 0.268-0.161t0.232-0.089l0.304-0.196q0.054-0.071 0-0.071 0.321 0.036 0.554-0.196 0.179-0.196-0.107-0.357 0.054-0.107-0.054-0.17t-0.268-0.098q0.054-0.018 0.205-0.009t0.188-0.027q0.268-0.179-0.125-0.286-0.304-0.089-0.768 0.214zM15.696 27.25q3.679-0.643 6.268-3.375-0.054-0.054-0.223-0.080t-0.223-0.063q-0.321-0.125-0.429-0.143 0.018-0.125-0.045-0.232t-0.143-0.161-0.223-0.143-0.196-0.125q-0.036-0.036-0.125-0.107t-0.125-0.098-0.134-0.080-0.152-0.036-0.179 0.018l-0.054 0.018q-0.054 0.018-0.098 0.045t-0.098 0.054-0.071 0.054 0 0.045q-0.375-0.304-0.643-0.393-0.089-0.018-0.196-0.098t-0.188-0.125-0.179-0.027-0.205 0.125q-0.089 0.089-0.107 0.268t-0.036 0.232q-0.125-0.089 0-0.313t0.036-0.33q-0.054-0.107-0.188-0.080t-0.214 0.080-0.205 0.152-0.161 0.116-0.152 0.098-0.152 0.134q-0.054 0.071-0.107 0.214t-0.089 0.196q-0.036-0.071-0.205-0.116t-0.17-0.098q0.036 0.179 0.071 0.625t0.089 0.679q0.125 0.554-0.214 0.857-0.482 0.446-0.518 0.714-0.071 0.393 0.214 0.464 0 0.125-0.143 0.366t-0.125 0.384q0 0.107 0.036 0.286z"
          />
        </svg>
        <a
          className="ui-contact-information__icon-text--website pl-quarter"
          href="#"
          id="website-link"
          onClick={[Function]}
          rel="noreferrer noopener"
          target="_blank"
          title="Organization Website"
        >
          http://testingtesting.com
        </a>
      </div>
    </div>
    <h4
      className="mb-half"
    >
      Description
    </h4>
    <div
      className="ui-form-field ui-draft-editor-field"
    >
      <label
        className="ui-form-field__label sr-only top-0"
        htmlFor="program-description-text"
        style={Object {}}
      >
        Description
      </label>
      <div
        className="html-parsed-text"
      >
        <div>
          Hello World
        </div>
      </div>
    </div>
  </div>
</div>
`;
